[justyle.com.vn/index.html]
[backblue.gif]
[fade.gif]
[index.html]
[justyle.com.vn/uploads/source/header/logo_b.png]
[justyle.com.vn/application/views/orange/assets/js/jquery.min.js]
[justyle.com.vn/plugins/fancybox-3.0/jquery.fancybox.js]
[justyle.com.vn/admin.f.delayed]
[justyle.com.vn/admin/login.html]
[justyle.com.vn/uploads/source/dichvu/1.png]
[justyle.com.vn/uploads/source/dichvu/Capture.png]
[justyle.com.vn/uploads/source/tintuc/gmail.png]
[analytics.tiktok.com/i18n/pixel/events.js]
[justyle.com.vn/uploads/source/dichvu/2.png]
[justyle.com.vn/vi/gioi-thieu.html]
[justyle.com.vn/vi/san-pham.html]
[justyle.com.vn/vi/noi-toc.html]
[justyle.com.vn/vi/cuc-boi.html]
[justyle.com.vn/vi/mai-phong.html]
[justyle.com.vn/vi/toc-nguyen-dau.html]
[justyle.com.vn/vi/duoi-ngua-1.html]
[justyle.com.vn/vi/u-shape-1.html]
[justyle.com.vn/vi/phim-phong-tang-hinh-1.html]
[justyle.com.vn/vi/video-hay.html]
[justyle.com.vn/vi/tin-tuc.html]
[justyle.com.vn/vi/lien-he.html]
[justyle.com.vn/trang-chu/lang/vi53f3]
[justyle.com.vn/application/views/orange/assets/images/vi.png]
[justyle.com.vn/trang-chu/lang/en.2353f3.delayed]
[justyle.com.vn/application/views/orange/assets/images/en.png]
[justyle.com.vn/trang-chu/lang/vi53f3]
[justyle.com.vn/images/btn.png]
[justyle.com.vn/uploads/source/JS200109Web.jpg]
[justyle.com.vn/uploads/source/Hoang Thuy 2.png]
[justyle.com.vn/uploads/source/slider/baner4.jpg]
[justyle.com.vn/uploads/source/slider/baner1.jpg]
[justyle.com.vn/uploads/source/slider/baner2.jpg]
[justyle.com.vn/application/views/orange/assets/js/bootstrap.min.js]
[justyle.com.vn/plugins/owl.carousel/owl.carousel.min.js]
[justyle.com.vn/plugins/bootstrap-dropdownhover/bootstrap-dropdownhover.js]
[justyle.com.vn/plugins/ToastMessages/jquery.toast.js]
[justyle.com.vn/application/plugins/woocommerce/assets/js/script.js]
[justyle.com.vn/application/views/orange/assets/js/script.js]
[justyle.com.vn/application/plugins/facebook_fanpage_tab/assets/images/icon_facebook_0.png]
[justyle.com.vn/application/plugins/facebook_chat/assets/images/facebook.png]
[justyle.com.vn/application/plugins/facebook_chat/assets/js/facebookchat.js]
[connect.facebook.net/vi_VN/sdk.js]
[justyle.com.vn/index.html]
[justyle.com.vn/application/views/orange/assets/fonts/glyphicons-halflings-regular.woff]
[justyle.com.vn/application/views/orange/assets/fonts/glyphicons-halflings-regular.ttf]
[justyle.com.vn/application/views/orange/assets/css/bootstrap.min.css]
[justyle.com.vn/application/views/orange/assets/css/default.css]
[justyle.com.vn/application/views/orange/assets/css/style.css]
[justyle.com.vn/plugins/font-awesome/fonts/fontawesome-webfont3e6e.eot]
[justyle.com.vn/plugins/font-awesome/fonts/fontawesome-webfontd41d.eot]
[justyle.com.vn/plugins/font-awesome/fonts/fontawesome-webfont3e6e.woff]
[justyle.com.vn/plugins/font-awesome/fonts/fontawesome-webfont3e6e.ttf]
[justyle.com.vn/plugins/font-awesome/css/font-awesome.min.css]
[justyle.com.vn/plugins/owl.carousel/assets/owl.video.play.48.delayed]
[justyle.com.vn/plugins/owl.carousel/assets/owl.carousel.css]
[justyle.com.vn/plugins/bootstrap-dropdownhover/animate.min.css]
[justyle.com.vn/plugins/bootstrap-dropdownhover/bootstrap-dropdownhover.min.css]
[justyle.com.vn/plugins/ToastMessages/jquery.toast.css]
[justyle.com.vn/application/plugins/woocommerce/assets/css/ico-print.49.delayed]
[justyle.com.vn/application/plugins/woocommerce/assets/css/style.css]
[justyle.com.vn/plugins/fancybox-3.0/jquery.fancybox.css]
[www.googletagmanager.com/gtm5445.html]
[justyle.com.vn/application/views/backend/assets/js/jquery.js]
[justyle.com.vn/application/views/backend/assets/js/bootstrap.min.js]
[justyle.com.vn/admin/user.4f.delayed]
[justyle.com.vn/admin/users/forgot]
[justyle.com.vn/application/views/backend/assets/js/script.js]
[justyle.com.vn/application/views/backend/assets/js/user.js]
[justyle.com.vn/admin/login.html]
[justyle.com.vn/trang-chu/lang/vi30a9]
[justyle.com.vn/trang-chu/lang/ene08c]
[justyle.com.vn/en/gioi-thieu.html]
[justyle.com.vn/trang-chu/lang/vi30a9]
[justyle.com.vn/uploads/source/sanpham/Tóc nguyên đầu/JS190527Web-3.jpg]
[justyle.com.vn/uploads/source/sanpham/Tóc nguyên đầu/JS190527Web-4b.jpg]
[justyle.com.vn/vi/bob-keratin-ho-ngoc-ha-chua-bao-gom-phi-uon-nhuom.html]
[justyle.com.vn/uploads/source/35f9fcf5b85a5e04074b.jpg]
[justyle.com.vn/vi/bob-ngo-nha-phuong-chua-bao-gom-phi-uon-nhuom.html]
[justyle.com.vn/uploads/source/6d98009c4433a26dfb22.jpg]
[justyle.com.vn/vi/sieu-da-dai-thang-bich-phuong-chua-bao-gom-phi-uon-nhuom.html]
[justyle.com.vn/uploads/source/1f6a5a6d1ec2f89ca1d3.jpg]
[justyle.com.vn/vi/mai-do-son-tung-chua-bao-gom-phi-uon-nhuom.html]
[justyle.com.vn/uploads/source/ae6fc26a86c5609b39d4.jpg]
[justyle.com.vn/vi/nguyen-dau-sieu-da-ho-ngoc-ha-chua-bao-gom-phi-uon-nhuom.html]
[justyle.com.vn/uploads/source/d2e47de83947df198656.jpg]
[justyle.com.vn/vi/xoan-70cm-bich-phuong-phi-nhuom-tuy-mau.html]
[justyle.com.vn/uploads/source/35726c7928d6ce8897c7.jpg]
[justyle.com.vn/vi/duoi-ngua-moc-tao-do-xoe-ngoc-trinh-chua-bao-gom-phi-uon-nhuom.html]
[justyle.com.vn/uploads/source/826b0f6e4bc1ad9ff4d0.jpg]
[justyle.com.vn/vi/bob-ngang-vai-nha-phuong-chua-bao-gom-phi-uon-nhuom.html]
[justyle.com.vn/uploads/source/df4f0bbf921774492d06.jpg]
[justyle.com.vn/vi/bob-ngang-vai-ny-saki-chua-bao-gom-phi-uon-nhuom.html]
[justyle.com.vn/uploads/source/267a34d8d8493c176558.jpg]
[justyle.com.vn/vi/bob-ben-lo-ben-boi-chua-bao-gom-phi-uon-nhuom.html]
[justyle.com.vn/uploads/source/833bf1f22364c73a9e75.jpg]
[justyle.com.vn/plugins/flexible/jquery.easing.min.js]
[justyle.com.vn/plugins/flexible/jquery.easy-ticker.min.js]
[justyle.com.vn/vi/gioi-thieu.html]
[justyle.com.vn/trang-chu/lang/vi3883]
[justyle.com.vn/trang-chu/lang/en902f]
[justyle.com.vn/en/san-pham.html]
[justyle.com.vn/trang-chu/lang/vi3883]
[justyle.com.vn/vi/mai-nam-lam-phong-chua-bao-gom-phi-uon-nhuom.html]
[justyle.com.vn/uploads/source/64918311_2363482543711749_3747860330177363968_n.jpg]
[justyle.com.vn/vi/mai-nam-sieu-phong-trong-hieu-chua-bao-gom-phi-uon-nhuom.html]
[justyle.com.vn/uploads/source/65578928_2312884218792289_7217289599981191168_n.jpg]
[justyle.com.vn/vi/sieu-da-keratin-70cm-chua-bao-gom-phi-uon-nhuom-1.html]
[justyle.com.vn/uploads/source/eb001f1f2192c5cc9c83.jpg]
[justyle.com.vn/vi/nguyen-dau-sieu-da-toc-moc-70cm-chua-bao-gom-phi-uon-nhuom.html]
[justyle.com.vn/uploads/source/e6638607b88a5cd4059b.jpg]
[justyle.com.vn/vi/mai-mua-cot-xoa-thanh-xuan-chua-bao-gom-phi-uon-nhuom.html]
[justyle.com.vn/uploads/source/d647855dbbd05f8e06c1.jpg]
[justyle.com.vn/vi/sieu-da-so-le-qua-vai-chua-bao-gom-phi-uon-nhuom.html]
[justyle.com.vn/uploads/source/3c8f3c840209e657bf18.jpg]
[justyle.com.vn/vi/san-pham3366.html]
[justyle.com.vn/vi/san-phamf2d8.html]
[justyle.com.vn/vi/san-pham6f60.html]
[justyle.com.vn/vi/san-pham.html]
[justyle.com.vn/trang-chu/lang/vi65fe]
[justyle.com.vn/trang-chu/lang/end069]
[justyle.com.vn/en/noi-toc.html]
[justyle.com.vn/trang-chu/lang/vi65fe]
[justyle.com.vn/vi/nguyen-dau-sieu-da-uon-xoan-lon-chua-bao-gom-phi-uon-nhuom.html]
[justyle.com.vn/uploads/source/d7cce9f6d77b33256a6a.jpg]
[justyle.com.vn/vi/noi-toc3366.html]
[justyle.com.vn/vi/noi-tocf2d8.html]
[justyle.com.vn/vi/noi-toc.html]
[justyle.com.vn/trang-chu/lang/vie820]
[justyle.com.vn/trang-chu/lang/en7dc7]
[justyle.com.vn/en/cuc-boi.html]
[justyle.com.vn/trang-chu/lang/vie820]
[justyle.com.vn/vi/combo-mai-phong-cuc-bui.html]
[justyle.com.vn/uploads/source/12.jpg]
[justyle.com.vn/vi/cuc-boi-dau.html]
[justyle.com.vn/uploads/source/6.jpg]
[justyle.com.vn/vi/cuc-boi.html]
[justyle.com.vn/trang-chu/lang/vi.93d9d9.delayed]
[justyle.com.vn/trang-chu/lang/enc93c]
[justyle.com.vn/en/mai-phong.html]
[justyle.com.vn/vi/mai-phong.html]
[justyle.com.vn/trang-chu/lang/vi926a]
[justyle.com.vn/trang-chu/lang/ene013]
[justyle.com.vn/en/toc-nguyen-dau.html]
[justyle.com.vn/trang-chu/lang/vi926a]
[justyle.com.vn/vi/toc-nguyen-dau3366.html]
[justyle.com.vn/vi/toc-nguyen-dauf2d8.html]
[justyle.com.vn/vi/toc-nguyen-dau6f60.html]
[justyle.com.vn/vi/toc-nguyen-dau.html]
[justyle.com.vn/trang-chu/lang/vie437]
[justyle.com.vn/trang-chu/lang/en9917]
[justyle.com.vn/en/duoi-ngua-1.html]
[justyle.com.vn/trang-chu/lang/vie437]
[justyle.com.vn/vi/duoi-ngua-7.html]
[justyle.com.vn/uploads/source/sanpham/Tóc nguyên đầu/Đuôi Ngựa 2.jpg]
[justyle.com.vn/vi/duoi-ngua-6.html]
[justyle.com.vn/uploads/source/18.jpg]
[justyle.com.vn/vi/duoi-ngua-5.html]
[justyle.com.vn/uploads/source/đuôi ngụa 5 a.jpg]
[justyle.com.vn/vi/duoi-ngua-4.html]
[justyle.com.vn/uploads/source/đuôi ngụa 4 a.jpg]
[justyle.com.vn/vi/duoi-ngua-3.html]
[justyle.com.vn/uploads/source/đuôi ngụa 3 a.jpg]
[justyle.com.vn/vi/nguyen-dau-sieu-da-phi-nhuom-tuy-mau.html]
[justyle.com.vn/uploads/source/Duoi Ngua.jpg]
[justyle.com.vn/vi/duoi-ngua-1-1.html]
[justyle.com.vn/vi/duoi-ngua-1.html]
[justyle.com.vn/trang-chu/lang/vi6f2f]
[justyle.com.vn/trang-chu/lang/ened95]
[justyle.com.vn/en/u-shape-1.html]
[justyle.com.vn/trang-chu/lang/vi6f2f]
[justyle.com.vn/vi/u-shape-nhuom-nau-reu.html]
[justyle.com.vn/uploads/source/3_3.jpg]
[justyle.com.vn/vi/u-shape-1.html]
[justyle.com.vn/trang-chu/lang/vi.b57585.delayed]
[justyle.com.vn/trang-chu/lang/enfa25]
[justyle.com.vn/en/phim-phong-tang-hinh-1.html]
[justyle.com.vn/vi/phim-phong-tang-hinh.html]
[justyle.com.vn/uploads/source/11.jpg]
[justyle.com.vn/vi/nguyen-dau-sieu-da-phi-nhuom-tuy-mau-1.html]
[justyle.com.vn/uploads/source/Nguyen dau sieu da.jpg]
[justyle.com.vn/vi/phim-phong-tang-hinh-1.html]
[justyle.com.vn/trang-chu/lang/vi.bdbcaa.delayed]
[justyle.com.vn/trang-chu/lang/en1a24]
[justyle.com.vn/en/video-hay.html]
[justyle.com.vn/trang-chu/playvideof88c.html]
[justyle.com.vn/uploads/source/Nabi 1_2.png]
[justyle.com.vn/trang-chu/playvideo6ace.html]
[justyle.com.vn/uploads/source/Video Tutorial.png]
[justyle.com.vn/trang-chu/playvideo561a.html]
[justyle.com.vn/uploads/source/Cover photo.jpg]
[justyle.com.vn/trang-chu/playvideob05a.html]
[justyle.com.vn/uploads/source/Tut 5.jpg]
[justyle.com.vn/trang-chu/playvideo0b1e.html]
[justyle.com.vn/uploads/source/Tut 4.jpg]
[justyle.com.vn/trang-chu/playvideoa1c9.html]
[justyle.com.vn/uploads/source/Tut 3.jpg]
[justyle.com.vn/trang-chu/playvideob8e4.html]
[justyle.com.vn/uploads/source/Tut 2.jpg]
[justyle.com.vn/trang-chu/playvideo1fd4.html]
[justyle.com.vn/uploads/source/Tut 1.jpg]
[justyle.com.vn/trang-chu/playvideoac3b.html]
[justyle.com.vn/uploads/source/sanpham/Tóc nguyên đầu/Mái Mưa 1.jpg]
[justyle.com.vn/trang-chu/playvideo60b5.html]
[justyle.com.vn/uploads/source/Nguyen Dau Injection - Hinh.jpg]
[justyle.com.vn/trang-chu/playvideo6916.html]
[justyle.com.vn/trang-chu/playvideod7fe.html]
[justyle.com.vn/uploads/source/Keratin pic.jpg]
[justyle.com.vn/trang-chu/playvideo324e.html]
[justyle.com.vn/uploads/source/sanpham/Tóc nguyên đầu/Mái Hói.jpg]
[justyle.com.vn/trang-chu/playvideo0c61.html]
[justyle.com.vn/uploads/source/Mái Siêu Da Nam Hàn Quốc.jpg]
[justyle.com.vn/trang-chu/playvideo6e1d.html]
[justyle.com.vn/uploads/source/Mái Siêu Da Đầu Nữ.jpg]
[justyle.com.vn/trang-chu/playvideo86da.html]
[justyle.com.vn/uploads/source/Mái Siêu Da Đầu Nữ 3.jpg]
[justyle.com.vn/vi/video-hay4658.html]
[justyle.com.vn/vi/video-hay9ba9.html]
[justyle.com.vn/vi/video-hay.html]
[justyle.com.vn/trang-chu/lang/vi1990]
[justyle.com.vn/trang-chu/lang/en327a]
[justyle.com.vn/en/tin-tuc.html]
[justyle.com.vn/trang-chu/lang/vi1990]
[justyle.com.vn/vi/tong-hop-kieu-toc-mai-cho-cac-nang-xinh-ngat-ngay.html]
[justyle.com.vn/uploads/source/hinhbaiviet/Tóc tỉa layer mái dài_1.png]
[justyle.com.vn/vi/nhung-luu-y-khi-goi-dau-danh-cho-toc-kho-xo.html]
[justyle.com.vn/uploads/source/hinhbaiviet/Những lưu ý khi gội đầu dành cho tóc khô xơ.jpg]
[justyle.com.vn/vi/nhung-mau-toc-bob-ngan-cuc-chat-cho-co-nang-ca-tinh.html]
[justyle.com.vn/uploads/source/hinhbaiviet/Tóc Bob tém.png]
[justyle.com.vn/vi/tuyet-chieu-de-so-huu-mai-toc-noi-dep-nhu-mo.html]
[justyle.com.vn/uploads/source/hinhbaiviet/Tuyệt chiêu để sở hữu mái tóc nối đẹp như mơ.jpg]
[justyle.com.vn/vi/goi-y-nhung-kieu-toc-phu-hop-nhat-cho-khuon-mat-gay.html]
[justyle.com.vn/uploads/source/hinhbaiviet/Kiểu tóc mái bằng.png]
[justyle.com.vn/vi/bi-quyet-nuoi-toc-mai-mau-dai-ngay-he.html]
[justyle.com.vn/uploads/source/hinhbaiviet/Bí quyết nuôi tóc mái mau dài ngày hè.jpg]
[justyle.com.vn/vi/toc-gia-justyle-freeship-ho-tro-mua-dich.html]
[justyle.com.vn/uploads/source/50A9BF43-FC9A-437A-83AA-DB27D2AD606E.jpg]
[justyle.com.vn/vi/kieu-toc-nu-phu-hop-voi-khuon-mat-tron-bau-binh.html]
[justyle.com.vn/uploads/source/hinhbaiviet/Tóc thẳng truyền thống dịu dàng.png]
[justyle.com.vn/vi/toc-gia-justyle-uu-dai-mua-dich-giam-ngay-10-khi-mua-hang-tai-he-thong.html]
[justyle.com.vn/uploads/source/A374CAC0-99D7-4769-972F-FE6558D5A16B.jpg]
[justyle.com.vn/vi/toc-gia-justyle-giam-5-cho-dong-san-pham-moi-topper-5-5-31-05-2021.html]
[justyle.com.vn/uploads/source/F5A88074-11C4-4775-9E8A-3866496CA436.jpg]
[justyle.com.vn/vi/hoa-ra-bia-cung-co-the-cham-soc-mai-toc-cua-ban.html]
[justyle.com.vn/uploads/source/hinhbaiviet/Hóa ra bia cũng có thể chăm sóc mái tóc của bạn.jpg]
[justyle.com.vn/vi/top-kieu-toc-xoan-nhe-nhang-thinh-hanh-nhat-hien-tai.html]
[justyle.com.vn/uploads/source/hinhbaiviet/Tóc xoăn nhẹ Hàn Quốc.png]
[justyle.com.vn/vi/cach-cham-soc-mai-toc-thua-mong-hieu-qua.html]
[justyle.com.vn/uploads/source/hinhbaiviet/Tập thể dục đều đặn.jpg]
[justyle.com.vn/vi/nhung-kieu-toc-cuc-chuan-men-dep-vuot-thoi-gian.html]
[justyle.com.vn/uploads/source/hinhbaiviet/Tóc mái dài màu hồng ánh kim.png]
[justyle.com.vn/vi/thu-ngay-nhung-mau-toc-hot-cho-he-them-noi-bat.html]
[justyle.com.vn/uploads/source/hinhbaiviet/Tóc trắng bạch kim.png]
[justyle.com.vn/vi/phuong-phap-detox-cho-toc-hieu-qua-ngay-tai-nha.html]
[justyle.com.vn/uploads/source/hinhbaiviet/phương pháp detox cho tóc hiệu quả ngay tại nhà.jpg]
[justyle.com.vn/vi/tin-tuc4658.html]
[justyle.com.vn/vi/tin-tuc9ba9.html]
[justyle.com.vn/vi/tin-tucfdb0.html]
[justyle.com.vn/vi/tin-tucaf4d.html]
[justyle.com.vn/vi/tin-tuc5c43.html]
[justyle.com.vn/vi/tin-tuc.html]
[justyle.com.vn/trang-chu/lang/via2cb]
[justyle.com.vn/trang-chu/lang/en4e13]
[justyle.com.vn/en/lien-he.html]
[justyle.com.vn/trang-chu/lang/via2cb]
[www.googleadservices.com/pagead/f.txt]
[justyle.com.vn/vi/lien-he.html]
[justyle.com.vn/images/btn.html]
[justyle.com.vn/uploads/source/JS200109Web.jpg]
[justyle.com.vn/uploads/source/Hoang Thuy 2.png]
[justyle.com.vn/uploads/source/slider/baner4.jpg]
[justyle.com.vn/uploads/source/slider/baner1.jpg]
[justyle.com.vn/uploads/source/slider/baner2.jpg]
[justyle.com.vn/application/plugins/facebook_fanpage_tab/assets/css/style.css]
[justyle.com.vn/application/plugins/facebook_chat/assets/css/style.css]
[justyle.com.vn/application/plugins/social_buttons/assets/css/style.css]
[demo.pcvietnam.com/bio/img/goidien.html]
[demo.pcvietnam.com/bio/img/tuvan.html]
[connect.facebook.net/vi_VN/sdk.js]
[justyle.com.vn/application/views/orange/assets/fonts/glyphicons-halflings-regular.html]
[justyle.com.vn/application/views/orange/assets/fonts/glyphicons-halflings-regulard41d.html]
[justyle.com.vn/application/views/orange/assets/fonts/glyphicons-halflings-regular-2.html]
[justyle.com.vn/application/views/orange/assets/fonts/glyphicons-halflings-regular.svg]
[justyle.com.vn/plugins/font-awesome/fonts/fontawesome-webfont3e6e.html]
[justyle.com.vn/plugins/font-awesome/fonts/fontawesome-webfont3e6e.svg]
[justyle.com.vn/plugins/owl.carousel/assets/owl.video.play.html]
[justyle.com.vn/application/plugins/woocommerce/assets/css/ico-print.html]
[justyle.com.vn/application/views/backend/assets/fonts/glyphicons-halflings-regular.woff]
[justyle.com.vn/application/views/backend/assets/fonts/glyphicons-halflings-regular.ttf]
[justyle.com.vn/application/views/backend/assets/css/bootstrap.min.css]
[i.imgur.com/removed.png]
[justyle.com.vn/application/views/backend/assets/css/theme.min.css]
[justyle.com.vn/application/views/backend/assets/images/bg_login.jpg]
[justyle.com.vn/application/views/backend/assets/css/style.css]
[justyle.com.vn/admin/users/forgot.html]
[justyle.com.vn/trang-chu/lang/vi.11930a9.delayed]
[justyle.com.vn/en/bob-keratin-ho-ngoc-ha-chua-bao-gom-phi-uon-nhuom.html]
[justyle.com.vn/en/bob-ngo-nha-phuong-chua-bao-gom-phi-uon-nhuom.html]
[justyle.com.vn/en/sieu-da-dai-thang-bich-phuong-chua-bao-gom-phi-uon-nhuom.html]
[justyle.com.vn/en/mai-do-son-tung-chua-bao-gom-phi-uon-nhuom.html]
[justyle.com.vn/en/nguyen-dau-sieu-da-ho-ngoc-ha-chua-bao-gom-phi-uon-nhuom.html]
[justyle.com.vn/en/xoan-70cm-bich-phuong-phi-nhuom-tuy-mau.html]
[justyle.com.vn/en/duoi-ngua-moc-tao-do-xoe-ngoc-trinh-chua-bao-gom-phi-uon-nhuom.html]
[justyle.com.vn/en/bob-ngang-vai-nha-phuong-chua-bao-gom-phi-uon-nhuom.html]
[justyle.com.vn/en/bob-ngang-vai-ny-saki-chua-bao-gom-phi-uon-nhuom.html]
[justyle.com.vn/en/bob-ben-lo-ben-boi-chua-bao-gom-phi-uon-nhuom.html]
[justyle.com.vn/en/gioi-thieu.html]
[justyle.com.vn/uploads/source/sanpham/Tóc nguyên đầu/JS190527Web-4b.jpg]
[justyle.com.vn/uploads/source/sanpham/Tóc nguyên đầu/JS190527Web-1.jpg]
[justyle.com.vn/trang-chu/lang/vi.12555a0.delayed]
[justyle.com.vn/trang-chu/lang/ene686]
[justyle.com.vn/trang-chu/lang/ene686]
[www.elevateweb.co.uk/wp-content/themes/radial/jquery.elevatezoom.min.js]
[justyle.com.vn/uploads/source/35f9fcf5b85a5e04074b_1.jpg]
[justyle.com.vn/vi/nguyen-dau-sieu-da-phi-nhuom-tuy-mau-2.html]
[justyle.com.vn/uploads/source/8.jpg]
[justyle.com.vn/vi/toc-nguyen-dau-6-4-phai-nau-do.html]
[justyle.com.vn/uploads/source/13.jpg]
[justyle.com.vn/vi/nguyen-dau-5-5-ngang-bong.html]
[justyle.com.vn/uploads/source/19.jpg]
[justyle.com.vn/vi/nguyen-dau-6-4-phai-qua-vai-phi-nhuom-tuy-mau.html]
[justyle.com.vn/uploads/source/Nguyen dau 6_4.jpg]
[justyle.com.vn/vi/nguyen-dau-6-4-trai-qua-vai-phi-nhuom-tuy-mau.html]
[justyle.com.vn/uploads/source/Nguyen dau 6_4 tu phai.jpg]
[justyle.com.vn/vi/nguyen-dau-mai-ngang-bong-phi-nhuom-tuy-mau.html]
[justyle.com.vn/uploads/source/Nguyen dau mai ngang.jpg]
[justyle.com.vn/vi/bob-keratin-ho-ngoc-ha-chua-bao-gom-phi-uon-nhuom.html]
[justyle.com.vn/trang-chu/lang/vi.137c691.delayed]
[justyle.com.vn/trang-chu/lang/enab1e]
[justyle.com.vn/trang-chu/lang/enab1e]
[justyle.com.vn/uploads/source/6d98009c4433a26dfb22_1.jpg]
[justyle.com.vn/vi/bob-ngo-nha-phuong-chua-bao-gom-phi-uon-nhuom.html]
[justyle.com.vn/trang-chu/lang/vi.13cda35.delayed]
[justyle.com.vn/trang-chu/lang/en7ae5]
[justyle.com.vn/trang-chu/lang/en7ae5]
[justyle.com.vn/uploads/source/1f6a5a6d1ec2f89ca1d3_1.jpg]
[justyle.com.vn/vi/sieu-da-dai-thang-bich-phuong-chua-bao-gom-phi-uon-nhuom.html]
[justyle.com.vn/trang-chu/lang/vi.1416cca.delayed]
[justyle.com.vn/trang-chu/lang/en8a82]
[justyle.com.vn/trang-chu/lang/en8a82]
[justyle.com.vn/uploads/source/ae6fc26a86c5609b39d4_1.jpg]
[justyle.com.vn/vi/mai-do-son-tung-chua-bao-gom-phi-uon-nhuom.html]
[justyle.com.vn/trang-chu/lang/vi.146663c.delayed]
[justyle.com.vn/trang-chu/lang/en5894]
[justyle.com.vn/trang-chu/lang/en5894]
[justyle.com.vn/uploads/source/d2e47de83947df198656_1.jpg]
[justyle.com.vn/vi/nguyen-dau-sieu-da-ho-ngoc-ha-chua-bao-gom-phi-uon-nhuom.html]
[justyle.com.vn/trang-chu/lang/vi.14b892c.delayed]
[justyle.com.vn/trang-chu/lang/en5075]
[justyle.com.vn/trang-chu/lang/en5075]
[justyle.com.vn/uploads/source/35726c7928d6ce8897c7_1.jpg]
[justyle.com.vn/vi/xoan-70cm-bich-phuong-phi-nhuom-tuy-mau.html]
[justyle.com.vn/trang-chu/lang/vi.150617f.delayed]
[justyle.com.vn/trang-chu/lang/en9d4a]
[justyle.com.vn/trang-chu/lang/en9d4a]
[justyle.com.vn/uploads/source/826b0f6e4bc1ad9ff4d0_1.jpg]
[justyle.com.vn/vi/duoi-ngua-moc-tao-do-xoe-ngoc-trinh-chua-bao-gom-phi-uon-nhuom.html]
[justyle.com.vn/trang-chu/lang/vi.1554c7f.delayed]
[justyle.com.vn/trang-chu/lang/enbfca]
[justyle.com.vn/trang-chu/lang/enbfca]
[justyle.com.vn/uploads/source/df4f0bbf921774492d06_1.jpg]
[justyle.com.vn/vi/bob-ngang-vai-nha-phuong-chua-bao-gom-phi-uon-nhuom.html]
[justyle.com.vn/trang-chu/lang/vi.15aeb10.delayed]
[justyle.com.vn/trang-chu/lang/enea43]
[justyle.com.vn/trang-chu/lang/enea43]
[justyle.com.vn/uploads/source/267a34d8d8493c176558_1.jpg]
[justyle.com.vn/vi/bob-ngang-vai-ny-saki-chua-bao-gom-phi-uon-nhuom.html]
[justyle.com.vn/uploads/source/267a34d8d8493c176558.jpg]
[justyle.com.vn/trang-chu/lang/vi.15f7943.delayed]
[justyle.com.vn/trang-chu/lang/enfa14]
[justyle.com.vn/trang-chu/lang/enfa14]
[justyle.com.vn/uploads/source/833bf1f22364c73a9e75_1.jpg]
[justyle.com.vn/vi/bob-ben-lo-ben-boi-chua-bao-gom-phi-uon-nhuom.html]
[justyle.com.vn/uploads/source/833bf1f22364c73a9e75.jpg]
[justyle.com.vn/trang-chu/lang/vi.1643883.delayed]
[justyle.com.vn/en/mai-nam-lam-phong-chua-bao-gom-phi-uon-nhuom.html]
[justyle.com.vn/en/mai-nam-sieu-phong-trong-hieu-chua-bao-gom-phi-uon-nhuom.html]
[justyle.com.vn/en/sieu-da-keratin-70cm-chua-bao-gom-phi-uon-nhuom-1.html]
[justyle.com.vn/en/nguyen-dau-sieu-da-toc-moc-70cm-chua-bao-gom-phi-uon-nhuom.html]
[justyle.com.vn/en/mai-mua-cot-xoa-thanh-xuan-chua-bao-gom-phi-uon-nhuom.html]
[justyle.com.vn/en/sieu-da-so-le-qua-vai-chua-bao-gom-phi-uon-nhuom.html]
[justyle.com.vn/en/san-pham3366.html]
[justyle.com.vn/en/san-phamf2d8.html]
[justyle.com.vn/en/san-pham6f60.html]
[justyle.com.vn/en/san-pham.html]
[justyle.com.vn/trang-chu/lang/viad85]
[justyle.com.vn/trang-chu/lang/enaa53]
[justyle.com.vn/trang-chu/lang/viad85]
[justyle.com.vn/trang-chu/lang/enaa53]
[justyle.com.vn/uploads/source/64918311_2363482543711749_3747860330177363968_n_1.jpg]
[justyle.com.vn/vi/mai-nam-lam-phong-chua-bao-gom-phi-uon-nhuom.html]
[justyle.com.vn/trang-chu/lang/vi.1741528.delayed]
[justyle.com.vn/trang-chu/lang/en308f]
[justyle.com.vn/trang-chu/lang/en308f]
[justyle.com.vn/uploads/source/65578928_2312884218792289_7217289599981191168_n_1.jpg]
[justyle.com.vn/vi/mai-nam-sieu-phong-trong-hieu-chua-bao-gom-phi-uon-nhuom.html]
[justyle.com.vn/trang-chu/lang/vi.17900e2.delayed]
[justyle.com.vn/trang-chu/lang/end6a1]
[justyle.com.vn/trang-chu/lang/end6a1]
[justyle.com.vn/uploads/source/eb001f1f2192c5cc9c83_1.jpg]
[justyle.com.vn/vi/sieu-da-keratin-70cm-chua-bao-gom-phi-uon-nhuom-1.html]
[justyle.com.vn/uploads/source/eb001f1f2192c5cc9c83.jpg]
[justyle.com.vn/trang-chu/lang/vi.17e51fd.delayed]
[justyle.com.vn/trang-chu/lang/en4ce4]
[justyle.com.vn/trang-chu/lang/en4ce4]
[justyle.com.vn/uploads/source/e6638607b88a5cd4059b_1.jpg]
[justyle.com.vn/vi/nguyen-dau-sieu-da-toc-moc-70cm-chua-bao-gom-phi-uon-nhuom.html]
[justyle.com.vn/uploads/source/e6638607b88a5cd4059b.jpg]
[justyle.com.vn/trang-chu/lang/vi.1835c52.delayed]
[justyle.com.vn/trang-chu/lang/en59cb]
[justyle.com.vn/trang-chu/lang/en59cb]
[justyle.com.vn/uploads/source/d647855dbbd05f8e06c1_1.jpg]
[justyle.com.vn/vi/mai-mua-cot-xoa-thanh-xuan-chua-bao-gom-phi-uon-nhuom.html]
[justyle.com.vn/uploads/source/d647855dbbd05f8e06c1.jpg]
[justyle.com.vn/trang-chu/lang/vi.1882fbe.delayed]
[justyle.com.vn/trang-chu/lang/en3f2d]
[justyle.com.vn/trang-chu/lang/en3f2d]
[justyle.com.vn/uploads/source/3c8f3c840209e657bf18_1.jpg]
[justyle.com.vn/vi/sieu-da-so-le-qua-vai-chua-bao-gom-phi-uon-nhuom.html]
[justyle.com.vn/uploads/source/3c8f3c840209e657bf18.jpg]
[justyle.com.vn/vi/nguyen-dau-bob-johny-depp-chua-bao-gom-phi-uon-nhuom.html]
[justyle.com.vn/uploads/source/a4152d01138cf7d2ae9d.jpg]
[justyle.com.vn/vi/mai-nam-undercut-cong-so-chua-bao-gom-phi-uon-nhuom.html]
[justyle.com.vn/uploads/source/93eaf4f4ca792e277768.jpg]
[justyle.com.vn/vi/sieu-da-keratin-70cm-ho-ngoc-ha-chua-bao-gom-phi-uon-nhuom.html]
[justyle.com.vn/uploads/source/Ho Ngoc Ha - Keratin.jpg]
[justyle.com.vn/vi/sieu-da-keratin-ho-ngoc-ha-chua-bao-gom-phi-uon-nhuom.html]
[justyle.com.vn/uploads/source/sanpham/Tóc nguyên đầu/Best selling 2.jpg]
[justyle.com.vn/vi/sieu-da-keratin-70cm-chua-bao-gom-phi-uon-nhuom.html]
[justyle.com.vn/uploads/source/sanpham/Tóc nguyên đầu/Best selling 1_1.jpg]
[justyle.com.vn/vi/bob-vang-qua-vai-chua-bao-gom-phi-uon-nhuom.html]
[justyle.com.vn/uploads/source/sanpham/Tóc nguyên đầu/Best selling 3.jpg]
[justyle.com.vn/vi/mai-sieu-da-dau-nam-chua-bao-gom-phi-uon-nhuom.html]
[justyle.com.vn/uploads/source/sanpham/Tóc nguyên đầu/Mái Siêu Da Đầu 4.jpg]
[justyle.com.vn/vi/mai-nam-chai-len-spiky.html]
[justyle.com.vn/uploads/source/sanpham/Tóc nguyên đầu/Mái Siêu Đầu Nam 2.jpg]
[justyle.com.vn/vi/nguyen-dau-da-thuong-phi-nhuom-tuy-mau.html]
[justyle.com.vn/uploads/source/sanpham/Tóc nguyên đầu/Nguyên Đầu Da Thường 1.jpg]
[justyle.com.vn/vi/nguyen-dau-ngang-vai-1.html]
[justyle.com.vn/uploads/source/sanpham/Tóc nguyên đầu/Nguyên Đầu Ngang Vai 2.jpg]
[justyle.com.vn/vi/nguyen-dau-ngang-vai.html]
[justyle.com.vn/uploads/source/Nguyen dau ngang vai.jpg]
[justyle.com.vn/vi/nguyen-dau-toc-tem-phi-nhuom-tuy-mau.html]
[justyle.com.vn/uploads/source/Nguyen Dau Toc Tem.jpg]
[justyle.com.vn/vi/nguyen-dau-sieu-da-2.html]
[justyle.com.vn/uploads/source/Nguyen dau injection.jpg]
[justyle.com.vn/vi/nguyen-dau-sieu-da-chua-bao-gom-phi-uon-nhuom-1.html]
[justyle.com.vn/uploads/source/sanpham/Tóc nguyên đầu/Mái Siêu Da Đầu Nữ.jpg]
[justyle.com.vn/vi/nguyen-dau-sieu-da-chua-bao-gom-phi-uon-nhuom.html]
[justyle.com.vn/uploads/source/sanpham/Tóc nguyên đầu/Mái Siêu Da Đầu Nữ 3.jpg]
[justyle.com.vn/vi/san-pham42c0.html]
[justyle.com.vn/vi/san-pham3366.html]
[justyle.com.vn/vi/nguyen-dau-sieu-da.html]
[justyle.com.vn/uploads/source/sanpham/Tóc nguyên đầu/Mái Siêu Da Đầu Nữ 2.jpg]
[justyle.com.vn/vi/nguyen-dau-sieu-da-1.html]
[justyle.com.vn/uploads/source/sanpham/Tóc nguyên đầu/Mái Siêu Da Đầu Nữ 1.jpg]
[justyle.com.vn/vi/mai-sieu-da-dau-nam-kieu-han-quoc.html]
[justyle.com.vn/uploads/source/sanpham/Tóc nguyên đầu/Mái Siêu Da Nam Hàn Quốc.jpg]
[justyle.com.vn/vi/mai-mua.html]
[justyle.com.vn/vi/mai-sieu-da-dau-nam-1.html]
[justyle.com.vn/uploads/source/sanpham/Tóc nguyên đầu/Mái Siêu Da Đầu Nam 1.jpg]
[justyle.com.vn/vi/nguyen-dau-ky-thuat-thuong-chua-bao-gom-phi-uon-nhuom.html]
[justyle.com.vn/uploads/source/sanpham/Tóc nguyên đầu/Nguyên đầu kỹ thuật thường.jpg]
[justyle.com.vn/vi/sieu-da-mai-mua-70-cm-chua-bao-gom-phi-uon-nhuom.html]
[justyle.com.vn/uploads/source/sanpham/Tóc nguyên đầu/Nguyên đầu mái mưa.jpg]
[justyle.com.vn/vi/san-phamf2d8.html]
[justyle.com.vn/vi/nguyen-dau-da-thuong-phi-nhuom-tuy-mau-1.html]
[justyle.com.vn/uploads/source/sanpham/Tóc nguyên đầu/Nguyên Đầu Da Thường 2.jpg]
[justyle.com.vn/vi/san-pham6f60.html]
[justyle.com.vn/trang-chu/lang/vi.1c165fe.delayed]
[justyle.com.vn/en/nguyen-dau-sieu-da-uon-xoan-lon-chua-bao-gom-phi-uon-nhuom.html]
[justyle.com.vn/en/noi-toc3366.html]
[justyle.com.vn/en/noi-tocf2d8.html]
[justyle.com.vn/en/noi-toc.html]
[justyle.com.vn/trang-chu/lang/vib846]
[justyle.com.vn/trang-chu/lang/en9f1b]
[justyle.com.vn/trang-chu/lang/vib846]
[justyle.com.vn/trang-chu/lang/en9f1b]
[justyle.com.vn/uploads/source/d7cce9f6d77b33256a6a_1.jpg]
[justyle.com.vn/vi/nguyen-dau-sieu-da-uon-xoan-lon-chua-bao-gom-phi-uon-nhuom.html]
[justyle.com.vn/uploads/source/d7cce9f6d77b33256a6a.jpg]
[justyle.com.vn/vi/noi-toc42c0.html]
[justyle.com.vn/vi/noi-toc3366.html]
[justyle.com.vn/vi/noi-tocf2d8.html]
[justyle.com.vn/trang-chu/lang/vie820]
[justyle.com.vn/trang-chu/lang/vie820]
[justyle.com.vn/en/combo-mai-phong-cuc-bui.html]
[justyle.com.vn/en/cuc-boi-dau.html]
[justyle.com.vn/en/cuc-boi.html]
[justyle.com.vn/trang-chu/lang/vi8f84]
[justyle.com.vn/trang-chu/lang/en8646]
[justyle.com.vn/trang-chu/lang/vi8f84]
[justyle.com.vn/trang-chu/lang/en8646]
[justyle.com.vn/uploads/source/sanpham/mp cb/12514078_10153994855734185_7748362173968568457_o.jpg]
[justyle.com.vn/uploads/source/sanpham/mp cb/13528426_10154348035929185_3711355246845848817_o.jpg]
[justyle.com.vn/uploads/source/sanpham/mp cb/11752540_10153546074254185_5657135129986595533_n.jpg]
[justyle.com.vn/uploads/source/sanpham/mp cb/17157649_10155126635239185_1157645764387736442_o.jpg]
[justyle.com.vn/uploads/source/sanpham/mp cb/14344119_10154574245169185_1271609062356804105_n.jpg]
[justyle.com.vn/uploads/source/sanpham/mp cb/14212680_10154534067184185_5506185493911097243_n.jpg]
[justyle.com.vn/vi/combo-mai-phong-cuc-bui.html]
[justyle.com.vn/trang-chu/lang/vi.1de3be6.delayed]
[justyle.com.vn/trang-chu/lang/en7853]
[justyle.com.vn/trang-chu/lang/en7853]
[justyle.com.vn/uploads/source/sanpham/946950_10151836563539185_519435983_n.jpg]
[justyle.com.vn/uploads/source/sanpham/543911_10151836563944185_2048683171_n.jpg]
[justyle.com.vn/uploads/source/cục 2.jpg]
[justyle.com.vn/vi/cuc-boi-dau.html]
[justyle.com.vn/en/mai-phong.html]
[justyle.com.vn/trang-chu/lang/vi.1e7926a.delayed]
[justyle.com.vn/en/toc-nguyen-dau3366.html]
[justyle.com.vn/en/toc-nguyen-dauf2d8.html]
[justyle.com.vn/en/toc-nguyen-dau6f60.html]
[justyle.com.vn/en/toc-nguyen-dau.html]
[justyle.com.vn/vi/toc-nguyen-dau42c0.html]
[justyle.com.vn/vi/toc-nguyen-dau3366.html]
[justyle.com.vn/vi/toc-nguyen-dauf2d8.html]
[justyle.com.vn/vi/toc-nguyen-dau6f60.html]
[justyle.com.vn/trang-chu/lang/vie437]
[justyle.com.vn/trang-chu/lang/vie437]
[justyle.com.vn/en/duoi-ngua-7.html]
[justyle.com.vn/en/duoi-ngua-6.html]
[justyle.com.vn/en/duoi-ngua-5.html]
[justyle.com.vn/en/duoi-ngua-4.html]
[justyle.com.vn/en/duoi-ngua-3.html]
[justyle.com.vn/en/nguyen-dau-sieu-da-phi-nhuom-tuy-mau.html]
[justyle.com.vn/en/duoi-ngua-1-1.html]
[justyle.com.vn/en/duoi-ngua-1.html]
[justyle.com.vn/trang-chu/lang/vi5a05]
[justyle.com.vn/trang-chu/lang/en66b9]
[justyle.com.vn/trang-chu/lang/vi5a05]
[justyle.com.vn/trang-chu/lang/en66b9]
[justyle.com.vn/vi/duoi-ngua-7.html]
[justyle.com.vn/uploads/source/sanpham/Tóc nguyên đầu/Đuôi Ngựa 2.jpg]
[justyle.com.vn/trang-chu/lang/vi.200de24.delayed]
[justyle.com.vn/trang-chu/lang/en0c4b]
[justyle.com.vn/trang-chu/lang/en0c4b]
[justyle.com.vn/uploads/source/uôi ngụa 6 b_1.jpg]
[justyle.com.vn/vi/duoi-ngua-6.html]
[justyle.com.vn/trang-chu/lang/vi.205b76a.delayed]
[justyle.com.vn/trang-chu/lang/en78a0]
[justyle.com.vn/trang-chu/lang/en78a0]
[justyle.com.vn/uploads/source/đuôi ngụa 5 b.jpg]
[justyle.com.vn/vi/duoi-ngua-5.html]
[justyle.com.vn/trang-chu/lang/vi.20a380e.delayed]
[justyle.com.vn/trang-chu/lang/enb222]
[justyle.com.vn/trang-chu/lang/enb222]
[justyle.com.vn/uploads/source/đuôi ngụa 4 b.jpg]
[justyle.com.vn/vi/duoi-ngua-4.html]
[justyle.com.vn/trang-chu/lang/vi.20ff539.delayed]
[justyle.com.vn/trang-chu/lang/en3208]
[justyle.com.vn/trang-chu/lang/en3208]
[justyle.com.vn/uploads/source/đuôi ngụa 3 b.jpg]
[justyle.com.vn/vi/duoi-ngua-3.html]
[justyle.com.vn/trang-chu/lang/vi.2142a07.delayed]
[justyle.com.vn/trang-chu/lang/enf19b]
[justyle.com.vn/trang-chu/lang/enf19b]
[justyle.com.vn/vi/nguyen-dau-sieu-da-phi-nhuom-tuy-mau.html]
[justyle.com.vn/uploads/source/Duoi Ngua.jpg]
[justyle.com.vn/trang-chu/lang/vi.21864e6.delayed]
[justyle.com.vn/trang-chu/lang/en9f06]
[justyle.com.vn/trang-chu/lang/en9f06]
[justyle.com.vn/uploads/source/sanpham/ppth/10384219_10153404384959185_4399906659451738204_n.jpg]
[justyle.com.vn/uploads/source/sanpham/tdn/12471753_10153890574459185_348925611456950955_o.jpg]
[justyle.com.vn/uploads/source/sanpham/tdn/13522727_10154331163884185_6015874115027615391_o.jpg]
[justyle.com.vn/uploads/source/sanpham/tdn/15590919_10154870398294185_9009694793833529661_o.jpg]
[justyle.com.vn/uploads/source/sanpham/tdn/12440601_10154066568979185_150909455966496467_o - Copy (1).jpg]
[justyle.com.vn/vi/duoi-ngua-1-1.html]
[justyle.com.vn/trang-chu/lang/vi.2216f2f.delayed]
[justyle.com.vn/en/u-shape-nhuom-nau-reu.html]
[justyle.com.vn/en/u-shape-1.html]
[justyle.com.vn/trang-chu/lang/vi98f5]
[justyle.com.vn/trang-chu/lang/en1af4]
[justyle.com.vn/trang-chu/lang/vi98f5]
[justyle.com.vn/trang-chu/lang/en1af4]
[justyle.com.vn/uploads/source/sanpham/19702100_10155489217364185_6306373599008673079_n.jpg]
[justyle.com.vn/uploads/source/sanpham/19423978_10155465861609185_918206629124830316_n.jpg]
[justyle.com.vn/uploads/source/sanpham/19424318_10155465861724185_5008877400936153667_n.jpg]
[justyle.com.vn/uploads/source/ú shape 2.jpg]
[justyle.com.vn/vi/u-shape-nhuom-nau-reu.html]
[justyle.com.vn/en/phim-phong-tang-hinh.html]
[justyle.com.vn/en/nguyen-dau-sieu-da-phi-nhuom-tuy-mau-1.html]
[justyle.com.vn/en/phim-phong-tang-hinh-1.html]
[justyle.com.vn/trang-chu/lang/vibb3d]
[justyle.com.vn/trang-chu/lang/en83d5]
[justyle.com.vn/trang-chu/lang/vibb3d]
[justyle.com.vn/trang-chu/lang/en83d5]
[justyle.com.vn/uploads/source/sanpham/ppth/11722524_10153507148689185_128015448705790482_o.jpg]
[justyle.com.vn/uploads/source/sanpham/ppth/11416378_10153509366619185_4381377382960334156_o.jpg]
[justyle.com.vn/uploads/source/sanpham/ppth/11351399_10153414793429185_5212579633807938323_n.jpg]
[justyle.com.vn/uploads/source/sanpham/ppth/11032715_10153521651124185_3673215724223918343_o.jpg]
[justyle.com.vn/uploads/source/sanpham/ppth/13641161_10154422811694185_7692897739729516418_o.jpg]
[justyle.com.vn/uploads/source/sanpham/ppth/14310356_10154556699964185_641689299228876275_o.jpg]
[justyle.com.vn/vi/phim-phong-tang-hinh.html]
[justyle.com.vn/trang-chu/lang/vi.23a66b7.delayed]
[justyle.com.vn/trang-chu/lang/ene279]
[justyle.com.vn/trang-chu/lang/ene279]
[justyle.com.vn/vi/nguyen-dau-sieu-da-phi-nhuom-tuy-mau-1.html]
[justyle.com.vn/uploads/source/Nguyen dau sieu da.jpg]
[justyle.com.vn/en/video-hay4658.html]
[justyle.com.vn/en/video-hay9ba9.html]
[justyle.com.vn/en/video-hay.html]
[justyle.com.vn/uploads/source/JS190917_3.mp4]
[justyle.com.vn/trang-chu/playvideof88c.html]
[justyle.com.vn/uploads/source/Nabi 1_2.png]
[justyle.com.vn/uploads/source/Tóc Giả JUSTYLE  Video Tutorial Hướng Dẫn Cách Tự Style Tóc Ở Nhà_1.mp4]
[justyle.com.vn/trang-chu/playvideo6ace.html]
[justyle.com.vn/uploads/source/Video Tutorial.png]
[justyle.com.vn/uploads/source/Tóc Giả JUSTYLE  Be Unique With JUSTYLE_1.mp4]
[justyle.com.vn/trang-chu/playvideo561a.html]
[justyle.com.vn/uploads/source/Nguyen Dau Sieu Da - Den Muot_1.mp4]
[justyle.com.vn/trang-chu/playvideob05a.html]
[justyle.com.vn/uploads/source/Tut 5.jpg]
[justyle.com.vn/uploads/source/Nguyen Dau Sieu Da - Xam Khoi_1.mp4]
